README.md
Test
XL_tests 
exec.c
generate-authors.sh
hsh
more_alloc.c
read.c
split.c  
test.sh
Shared_diagram-VD.jpg
VD_tests
builtin.c
exit.c
helper.c
main.c
path.c
shell.h
test
test_shell.c